     VMA      LMA     Size Align Out     In      Symbol
       0        0 80200000     1 . = 0x80200000
80200000 80200000      228     2 .text
80200000 80200000        e     2         /var/folders/q4/v8085z1n3p958js_p3lyzryr0000gp/T/kernel-af6c36.o:(.text.boot)
80200000 80200000        0     1                 .L0 
80200000 80200000        0     1                 .L0 
80200000 80200000        0     1                 $x
80200000 80200000        0     1                 .L0 
80200000 80200000        e     1                 boot
8020000e 8020000e        0     1                 .L0 
8020000e 8020000e        0     1                 .L0 
8020000e 8020000e       76     2         /var/folders/q4/v8085z1n3p958js_p3lyzryr0000gp/T/kernel-af6c36.o:(.text)
8020000e 8020000e        0     1                 .L0 
8020000e 8020000e        0     1                 .L0 
8020000e 8020000e        0     1                 $x
8020000e 8020000e        0     1                 .L0 
8020000e 8020000e        6     1                 sbi_call
80200012 80200012        0     1                 .L0 
80200014 80200014        0     1                 .L0 
80200014 80200014        0     1                 .L0 
80200014 80200014        0     1                 .L0 
80200014 80200014       14     1                 putchar
80200026 80200026        0     1                 .L0 
80200028 80200028        0     1                 .L0 
80200028 80200028        0     1                 .L0 
80200028 80200028        0     1                 .L0 
80200028 80200028       5c     1                 kernel_main
80200034 80200034        0     1                 .L0 
8020003c 8020003c        0     1                 .L0 
80200048 80200048        0     1                 .L0 
80200048 80200048        0     1                 .L0 
80200048 80200048        0     1                 .L0 
8020004e 8020004e        0     1                 .L0 
8020004e 8020004e        0     1                 .L0 
80200052 80200052        0     1                 .L0 
80200054 80200054        0     1                 .L0 
80200058 80200058        0     1                 .L0 
80200058 80200058        0     1                 .L0 
8020006a 8020006a        0     1                 .L0 
8020006a 8020006a        0     1                 .L0 
8020007e 8020007e        0     1                 .L0 
8020007e 8020007e        0     1                 .L0 
8020007e 8020007e        0     1                 .L0 
80200082 80200082        0     1                 .L0 
80200084 80200084        0     1                 .L0 
80200084 80200084        0     1                 .L0 
80200084 80200084      1a4     2         /var/folders/q4/v8085z1n3p958js_p3lyzryr0000gp/T/common-e02464.o:(.text)
80200084 80200084        0     1                 .L0 
80200084 80200084        0     1                 .L0 
80200084 80200084        0     1                 $x
80200084 80200084        0     1                 .L0 
80200084 80200084      1a4     1                 printf
802000a0 802000a0        0     1                 .L0 
802000ca 802000ca        0     1                 .L0 
802000da 802000da        0     1                 .L0 
802000da 802000da        0     1                 .L0 
802000de 802000de        0     1                 .L0 
802000de 802000de        0     1                 .L0 
802000e0 802000e0        0     1                 .L0 
802000e0 802000e0        0     1                 .L0 
802000e4 802000e4        0     1                 .L0 
802000ec 802000ec        0     1                 .L0 
802000ec 802000ec        0     1                 .L0 
802000ee 802000ee        0     1                 .L0 
802000ee 802000ee        0     1                 .L0 
802000f0 802000f0        0     1                 .L0 
802000f2 802000f2        0     1                 .L0 
802000f2 802000f2        0     1                 .L0 
802000f6 802000f6        0     1                 .L0 
802000f8 802000f8        0     1                 .L0 
80200108 80200108        0     1                 .L0 
80200108 80200108        0     1                 .L0 
80200114 80200114        0     1                 .L0 
80200114 80200114        0     1                 .L0 
80200118 80200118        0     1                 .L0 
80200118 80200118        0     1                 .L0 
8020011a 8020011a        0     1                 .L0 
80200120 80200120        0     1                 .L0 
80200120 80200120        0     1                 .L0 
80200120 80200120        0     1                 .L0 
80200128 80200128        0     1                 .L0 
80200128 80200128        0     1                 .L0 
80200132 80200132        0     1                 .L0 
80200132 80200132        0     1                 .L0 
80200136 80200136        0     1                 .L0 
80200136 80200136        0     1                 .L0 
80200138 80200138        0     1                 .L0 
8020013c 8020013c        0     1                 .L0 
8020013e 8020013e        0     1                 .L0 
8020013e 8020013e        0     1                 .L0 
80200144 80200144        0     1                 .L0 
80200144 80200144        0     1                 .L0 
80200146 80200146        0     1                 .L0 
8020014a 8020014a        0     1                 .L0 
8020014c 8020014c        0     1                 .L0 
8020014c 8020014c        0     1                 .L0 
80200152 80200152        0     1                 .L0 
80200152 80200152        0     1                 .L0 
80200154 80200154        0     1                 .L0 
80200158 80200158        0     1                 .L0 
8020015a 8020015a        0     1                 .L0 
8020015a 8020015a        0     1                 .L0 
80200160 80200160        0     1                 .L0 
80200160 80200160        0     1                 .L0 
80200162 80200162        0     1                 .L0 
80200166 80200166        0     1                 .L0 
80200168 80200168        0     1                 .L0 
80200168 80200168        0     1                 .L0 
8020016e 8020016e        0     1                 .L0 
8020016e 8020016e        0     1                 .L0 
80200170 80200170        0     1                 .L0 
80200174 80200174        0     1                 .L0 
80200176 80200176        0     1                 .L0 
80200176 80200176        0     1                 .L0 
8020017c 8020017c        0     1                 .L0 
8020017c 8020017c        0     1                 .L0 
8020017e 8020017e        0     1                 .L0 
80200182 80200182        0     1                 .L0 
80200184 80200184        0     1                 .L0 
80200184 80200184        0     1                 .L0 
8020018a 8020018a        0     1                 .L0 
8020018a 8020018a        0     1                 .L0 
8020018c 8020018c        0     1                 .L0 
80200190 80200190        0     1                 .L0 
80200192 80200192        0     1                 .L0 
80200192 80200192        0     1                 .L0 
80200194 80200194        0     1                 .L0 
80200194 80200194        0     1                 .L0 
80200196 80200196        0     1                 .L0 
8020019a 8020019a        0     1                 .L0 
8020019a 8020019a        0     1                 .L0 
8020019c 8020019c        0     1                 .L0 
8020019c 8020019c        0     1                 .L0 
8020019e 8020019e        0     1                 .L0 
802001a0 802001a0        0     1                 .L0 
802001a0 802001a0        0     1                 .L0 
802001a0 802001a0        0     1                 .L0 
802001aa 802001aa        0     1                 .L0 
802001aa 802001aa        0     1                 .L0 
802001ae 802001ae        0     1                 .L0 
802001b4 802001b4        0     1                 .L0 
802001b4 802001b4        0     1                 .L0 
802001b4 802001b4        0     1                 .L0 
802001ba 802001ba        0     1                 .L0 
802001ba 802001ba        0     1                 .L0 
802001be 802001be        0     1                 .L0 
802001c0 802001c0        0     1                 .L0 
802001c4 802001c4        0     1                 .L0 
802001c4 802001c4        0     1                 .L0 
802001c4 802001c4        0     1                 .L0 
802001ca 802001ca        0     1                 .L0 
802001ca 802001ca        0     1                 .L0 
802001ce 802001ce        0     1                 .L0 
802001ce 802001ce        0     1                 .L0 
802001d0 802001d0        0     1                 .L0 
802001d4 802001d4        0     1                 .L0 
802001d4 802001d4        0     1                 .L0 
802001d4 802001d4        0     1                 .L0 
802001d8 802001d8        0     1                 .L0 
802001dc 802001dc        0     1                 .L0 
802001e0 802001e0        0     1                 .L0 
802001e0 802001e0        0     1                 .L0 
802001e0 802001e0        0     1                 .L0 
802001e2 802001e2        0     1                 .L0 
802001e2 802001e2        0     1                 .L0 
802001e6 802001e6        0     1                 .L0 
802001ea 802001ea        0     1                 .L0 
802001f0 802001f0        0     1                 .L0 
802001f0 802001f0        0     1                 .L0 
802001f8 802001f8        0     1                 .L0 
802001fe 802001fe        0     1                 .L0 
802001fe 802001fe        0     1                 .L0 
80200204 80200204        0     1                 .L0 
80200204 80200204        0     1                 .L0 
80200204 80200204        0     1                 .L0 
8020020a 8020020a        0     1                 .L0 
8020020a 8020020a        0     1                 .L0 
8020020a 8020020a        0     1                 .L0 
8020020e 8020020e        0     1                 .L0 
80200224 80200224        0     1                 .L0 
80200228 80200228        0     1                 .L0 
80200228 80200228        0     1                 .L0 
80200228 80200228       44     4 .rodata
80200228 80200228       44     1         <internal>:(.rodata.str1.1)
8020026c 8020026c        0     4 .bss
8020026c 8020026c        0     1         __bss = .
8020026c 8020026c        0     1         __bss_end = .
8020026c 8020026c        0     1 . = ALIGN(4)
8020026c 8020026c    20000     1 . += 128 * 1024
8022026c 8022026c        0     1 __stack_top = .
       0        0      17b     1 .debug_loclists
       0        0       54     1         /var/folders/q4/v8085z1n3p958js_p3lyzryr0000gp/T/kernel-af6c36.o:(.debug_loclists)
       0        0        0     1                 $d
       c        c        0     1                 .L0 
      54       54      127     1         /var/folders/q4/v8085z1n3p958js_p3lyzryr0000gp/T/common-e02464.o:(.debug_loclists)
      54       54        0     1                 $d
      60       60        0     1                 .L0 
       0        0      26f     1 .debug_abbrev
       0        0      17c     1         /var/folders/q4/v8085z1n3p958js_p3lyzryr0000gp/T/kernel-af6c36.o:(.debug_abbrev)
       0        0        0     1                 $d
     17c      17c       f3     1         /var/folders/q4/v8085z1n3p958js_p3lyzryr0000gp/T/common-e02464.o:(.debug_abbrev)
     17c      17c        0     1                 $d
       0        0      43a     1 .debug_info
       0        0      2fb     1         /var/folders/q4/v8085z1n3p958js_p3lyzryr0000gp/T/kernel-af6c36.o:(.debug_info)
       0        0        0     1                 $d
     2fb      2fb      13f     1         /var/folders/q4/v8085z1n3p958js_p3lyzryr0000gp/T/common-e02464.o:(.debug_info)
     2fb      2fb        0     1                 $d
       0        0       33     1 .debug_rnglists
       0        0       18     1         /var/folders/q4/v8085z1n3p958js_p3lyzryr0000gp/T/kernel-af6c36.o:(.debug_rnglists)
       0        0        0     1                 $d
       c        c        0     1                 .L0 
      18       18       1b     1         /var/folders/q4/v8085z1n3p958js_p3lyzryr0000gp/T/common-e02464.o:(.debug_rnglists)
      18       18        0     1                 $d
      24       24        0     1                 .L0 
       0        0       e4     1 .debug_str_offsets
       0        0       90     1         /var/folders/q4/v8085z1n3p958js_p3lyzryr0000gp/T/kernel-af6c36.o:(.debug_str_offsets)
       0        0        0     1                 $d
       8        8        0     1                 .L0 
      90       90       54     1         /var/folders/q4/v8085z1n3p958js_p3lyzryr0000gp/T/common-e02464.o:(.debug_str_offsets)
      90       90        0     1                 $d
      98       98        0     1                 .L0 
       0        0      15a     1 .debug_str
       0        0      15a     1         <internal>:(.debug_str)
       0        0       84     1 .debug_addr
       0        0       34     1         /var/folders/q4/v8085z1n3p958js_p3lyzryr0000gp/T/kernel-af6c36.o:(.debug_addr)
       0        0        0     1                 $d
       8        8        0     1                 .L0 
      34       34       50     1         /var/folders/q4/v8085z1n3p958js_p3lyzryr0000gp/T/common-e02464.o:(.debug_addr)
      34       34        0     1                 $d
      3c       3c        0     1                 .L0 
       0        0       3b     1 .comment
       0        0       3b     1         <internal>:(.comment)
       0        0       47     1 .riscv.attributes
       0        0       47     1         <internal>:(.riscv.attributes)
       0        0       b4     4 .debug_frame
       0        0       5c     4         /var/folders/q4/v8085z1n3p958js_p3lyzryr0000gp/T/kernel-af6c36.o:(.debug_frame)
       0        0        0     1                 .L0 
       0        0        0     1                 $d
      5c       5c       58     4         /var/folders/q4/v8085z1n3p958js_p3lyzryr0000gp/T/common-e02464.o:(.debug_frame)
      5c       5c        0     1                 .L0 
      5c       5c        0     1                 $d
       0        0      36c     1 .debug_line
       0        0       fb     1         /var/folders/q4/v8085z1n3p958js_p3lyzryr0000gp/T/kernel-af6c36.o:(.debug_line)
       0        0        0     1                 .Lline_table_start0
       0        0        0     1                 $d
      fb       fb      271     1         /var/folders/q4/v8085z1n3p958js_p3lyzryr0000gp/T/common-e02464.o:(.debug_line)
      fb       fb        0     1                 .Lline_table_start0
      fb       fb        0     1                 $d
       0        0       67     1 .debug_line_str
       0        0       67     1         <internal>:(.debug_line_str)
       0        0      280     4 .symtab
       0        0      280     4         <internal>:(.symtab)
       0        0       d6     1 .shstrtab
       0        0       d6     1         <internal>:(.shstrtab)
       0        0       af     1 .strtab
       0        0       af     1         <internal>:(.strtab)
