     VMA      LMA     Size Align Out     In      Symbol
       0        0 80200000     1 . = 0x80200000
80200000 80200000       5a     2 .text
80200000 80200000        e     2         /var/folders/q4/v8085z1n3p958js_p3lyzryr0000gp/T/kernel-caa47b.o:(.text.boot)
80200000 80200000        0     1                 .L0 
80200000 80200000        0     1                 .L0 
80200000 80200000        0     1                 $x
80200000 80200000        0     1                 .L0 
80200000 80200000        e     1                 boot
8020000e 8020000e        0     1                 .L0 
8020000e 8020000e        0     1                 .L0 
8020000e 8020000e       4c     2         /var/folders/q4/v8085z1n3p958js_p3lyzryr0000gp/T/kernel-caa47b.o:(.text)
8020000e 8020000e        0     1                 .L0 
8020000e 8020000e        0     1                 .L0 
8020000e 8020000e        0     1                 $x
8020000e 8020000e        0     1                 .L0 
8020000e 8020000e        6     1                 sbi_call
80200012 80200012        0     1                 .L0 
80200014 80200014        0     1                 .L0 
80200014 80200014        0     1                 .L0 
80200014 80200014        0     1                 .L0 
80200014 80200014       14     1                 putchar
80200026 80200026        0     1                 .L0 
80200028 80200028        0     1                 .L0 
80200028 80200028        0     1                 .L0 
80200028 80200028        0     1                 .L0 
80200028 80200028       32     1                 kernel_main
80200030 80200030        0     1                 .L0 
80200038 80200038        0     1                 .L0 
80200044 80200044        0     1                 .L0 
80200044 80200044        0     1                 .L0 
80200044 80200044        0     1                 .L0 
8020004a 8020004a        0     1                 .L0 
8020004a 8020004a        0     1                 .L0 
8020004e 8020004e        0     1                 .L0 
80200050 80200050        0     1                 .L0 
80200054 80200054        0     1                 .L0 
80200054 80200054        0     1                 .L0 
80200054 80200054        0     1                 .L0 
80200058 80200058        0     1                 .L0 
8020005a 8020005a        0     1                 .L0 
8020005a 8020005a        0     1                 .L0 
8020005c 8020005c       10     4 .rodata
8020005c 8020005c       10     1         <internal>:(.rodata.str1.1)
8020006c 8020006c        0     4 .bss
8020006c 8020006c        0     1         __bss = .
8020006c 8020006c        0     1         __bss_end = .
8020006c 8020006c        0     1 . = ALIGN(4)
8020006c 8020006c    20000     1 . += 128 * 1024
8022006c 8022006c        0     1 __stack_top = .
       0        0       54     1 .debug_loclists
       0        0       54     1         /var/folders/q4/v8085z1n3p958js_p3lyzryr0000gp/T/kernel-caa47b.o:(.debug_loclists)
       0        0        0     1                 $d
       c        c        0     1                 .L0 
       0        0      156     1 .debug_abbrev
       0        0      156     1         /var/folders/q4/v8085z1n3p958js_p3lyzryr0000gp/T/kernel-caa47b.o:(.debug_abbrev)
       0        0        0     1                 $d
       0        0      2ae     1 .debug_info
       0        0      2ae     1         /var/folders/q4/v8085z1n3p958js_p3lyzryr0000gp/T/kernel-caa47b.o:(.debug_info)
       0        0        0     1                 $d
       0        0       17     1 .debug_rnglists
       0        0       17     1         /var/folders/q4/v8085z1n3p958js_p3lyzryr0000gp/T/kernel-caa47b.o:(.debug_rnglists)
       0        0        0     1                 $d
       c        c        0     1                 .L0 
       0        0       8c     1 .debug_str_offsets
       0        0       8c     1         /var/folders/q4/v8085z1n3p958js_p3lyzryr0000gp/T/kernel-caa47b.o:(.debug_str_offsets)
       0        0        0     1                 $d
       8        8        0     1                 .L0 
       0        0      104     1 .debug_str
       0        0      104     1         <internal>:(.debug_str)
       0        0       20     1 .debug_addr
       0        0       20     1         /var/folders/q4/v8085z1n3p958js_p3lyzryr0000gp/T/kernel-caa47b.o:(.debug_addr)
       0        0        0     1                 $d
       8        8        0     1                 .L0 
       0        0       3b     1 .comment
       0        0       3b     1         <internal>:(.comment)
       0        0       47     1 .riscv.attributes
       0        0       47     1         <internal>:(.riscv.attributes)
       0        0       54     4 .debug_frame
       0        0       54     4         /var/folders/q4/v8085z1n3p958js_p3lyzryr0000gp/T/kernel-caa47b.o:(.debug_frame)
       0        0        0     1                 .L0 
       0        0        0     1                 $d
       0        0       da     1 .debug_line
       0        0       da     1         /var/folders/q4/v8085z1n3p958js_p3lyzryr0000gp/T/kernel-caa47b.o:(.debug_line)
       0        0        0     1                 .Lline_table_start0
       0        0        0     1                 $d
       0        0       55     1 .debug_line_str
       0        0       55     1         <internal>:(.debug_line_str)
       0        0      180     4 .symtab
       0        0      180     4         <internal>:(.symtab)
       0        0       d6     1 .shstrtab
       0        0       d6     1         <internal>:(.shstrtab)
       0        0       75     1 .strtab
       0        0       75     1         <internal>:(.strtab)
